{
    "service": "sac",
    "name": "claim-type-browse",
    "root": "Browse",
    "source": {
        "service": "sac",
        "namespace": "claim-type",
        "method": "browse",
        "resolve": false
    },
    "staticFilters": [
        {
            "name": "status",
            "target": "path",
            "value": {
                "static": "statusId"
            }
        }
    ],
    "fields": [
        {
            "name": "id",
            "component": "BoldText",
            "attributes": {
                "sortable": true,
                "isDefaultSort": true,
                "isStatus": false,
                "initialSortDirection": "desc"
            },
            "mapper": "addHashtag",
            "componentAttributes": {
                "fontWeight": "bold"
            }
        },
        {
            "name": "motiveName",
            "component": "MediumText",
            "filter": {
                "component": "Input",
                "type": "equal",
                "remote": false,
                "componentAttributes": {}
            },
            "attributes": {
                "isStatus": false,
                "sortable": false,
                "isDefaultSort": false,
                "initialSortDirection": "desc"
            },
            "componentAttributes": {
                "fontWeight": "medium"
            }
        },
        {
            "name": "parentName",
            "component": "Text",
            "attributes": {
                "isStatus": false,
                "sortable": false,
                "isDefaultSort": false,
                "initialSortDirection": "desc"
            },
            "componentAttributes": {
                "fontWeight": "normal"
            }
        },
        {
            "name": "date",
            "component": "Text",
            "mapper": {
                "name": "date",
                "props": {
                    "format": "DD/MM/YYYY"
                }
            },
            "attributes": {
                "isStatus": false,
                "sortable": false,
                "isDefaultSort": false,
                "initialSortDirection": "desc"
            },
            "componentAttributes": {
                "fontWeight": "normal"
            }
        },
        {
            "name": "user",
            "component": "UserChip",
            "attributes": {
                "isStatus": false,
                "sortable": false,
                "isDefaultSort": false,
                "initialSortDirection": "desc"
            },
            "componentAttributes": {}
        },
        {
            "name": "name",
            "component": "LightText",
            "filter": {
                "component": "Input",
                "type": "equal",
                "remote": false,
                "componentAttributes": {}
            },
            "attributes": {
                "sortable": true,
                "isStatus": false,
                "isDefaultSort": false,
                "initialSortDirection": "desc"
            },
            "componentAttributes": {
                "fontWeight": "light"
            }
        },
        {
            "name": "appliesToLogistics",
            "component": "Chip",
            "mapper": "booleanToWord",
            "filter": {
                "component": "Select",
                "componentAttributes": {
                    "translateLabels": true,
                    "options": [
                        {
                            "label": "common.boolean.yes",
                            "value": 1
                        },
                        {
                            "label": "common.boolean.no",
                            "value": 0
                        }
                    ]
                },
                "type": "equal",
                "remote": false
            },
            "attributes": {
                "isStatus": false,
                "sortable": false,
                "isDefaultSort": false,
                "initialSortDirection": "desc"
            },
            "componentAttributes": {
                "borderColor": "grey"
            }
        },
        {
            "name": "flags",
            "component": "Chip",
            "label": "sac.entities.claimType.fields.appliesTo",
            "mapper": "translate",
            "filter": {
                "component": "Select",
                "remote": true,
                "componentAttributes": {
                    "translateLabels": true
                },
                "type": "equal"
            },
            "attributes": {
                "isStatus": false,
                "sortable": false,
                "isDefaultSort": false,
                "initialSortDirection": "desc"
            },
            "componentAttributes": {
                "icon": "icon_test",
                "borderColor": "grey"
            }
        },
        {
            "name": "areaInCharge",
            "component": "Chip",
            "attributes": {
                "isStatus": false,
                "sortable": false,
                "isDefaultSort": false,
                "initialSortDirection": "desc"
            },
            "componentAttributes": {
                "borderColor": "grey"
            }
        },
        {
            "name": "sla",
            "component": "TimeChip",
            "mapper": {
                "name": "numberToTime",
                "props": {
                    "type": "hour"
                }
            },
            "attributes": {
                "isStatus": false,
                "sortable": false,
                "isDefaultSort": false,
                "initialSortDirection": "desc"
            },
            "componentAttributes": {}
        },
        {
            "name": "status",
            "component": "StatusChip",
            "attributes": {
                "isStatus": true,
                "sortable": true,
                "isDefaultSort": false,
                "initialSortDirection": "desc"
            },
            "componentAttributes": {
                "useTheme": true
            },
            "mapper": "translate",
            "filter": {
                "component": "Select",
                "componentAttributes": {
                    "translateLabels": true,
                    "options": [
                        {
                            "label": "common.status.active",
                            "value": 1
                        },
                        {
                            "label": "common.status.inactive",
                            "value": 0
                        }
                    ]
                },
                "type": "equal",
                "remote": false
            }
        }
    ],
    "hasPreview": false,
    "canEdit": true,
    "canView": false,
    "pageSize": 60
}