{
	"service": "serviceName",
	"name": "example-dashboard",
	"root": "Dashboard",
	"filters": [
		{
			"name": "filterInput",
			"label": "someLabel",
			"component": "Input",
			"componentAttributes": {
				"icon": "iconName"
			}
		}
	],
	"graphs": [
		{
			"component": "Table",
			"filters": [],
			"name": "graphName",
			"title": "someTitleForGraph",
			"x": 0,
			"y": 0,
			"width": 6,
			"height": 3,
			"link": "/test"
		},
		{
			"component": "BarChart",
			"filters": [],
			"name": "graphName",
			"title": "someTitleForGraph",
			"translateTitle": true,
			"subtitle": "someSubtitleForGraph",
			"translateSubtitle": true,
			"componentAttributes": {
				"options": {
					"width": "100%"
				}
			},
			"x": 6,
			"y": 0,
			"width": 6,
			"height": 3,
			"link": "/test"
		},
		{
			"component": "TextCardKpi",
			"filters": [],
			"name": "TextCard",
			"title": "title",
			"value": {
				"field": "someField",
				"mapper": {
					"name": "suffix",
					"props": {
						"addWhitespace": true,
						"value": "hs"
					}
				}
			},
			"percent": {
				"field": "someField",
				"mapper": {
					"name": "suffix",
					"props": {
						"addWhitespace": true,
						"value": "%"
					}
				}
			},
			"x": 0,
			"y": 0,
			"width": 12,
			"height": 4,
			"link": "/test"
		},
		{
			"component": "TextCardKpi",
			"filters": [],
			"name": "TextCardDelivery",
			"title": "title",
			"value": {
				"field": "someField",
				"mapper": {
					"name": "suffix",
					"props": {
						"addWhitespace": true,
						"value": "hs"
					}
				}
			},
			"percent": {
				"field": "someField",
				"mapper": {
					"name": "suffix",
					"props": {
						"addWhitespace": true,
						"value": "%"
					}
				}
			},
			"x": 0,
			"y": 0,
			"width": 12,
			"height": 4
		}
	]
}