{
    "service": "sac",
    "name": "claim-motive-edit",
    "root": "Edit",
    "source": {
        "service": "sac",
        "namespace": "claim-motive",
        "method": "get",
        "resolve": false
    },
    "sections": [
        {
            "name": "mainFormSection",
            "rootComponent": "MainForm",
            "icon": "catalogue",
            "fieldsGroup": [
                {
                    "name": "detail",
                    "position": "left",
                    "icon": "catalogue",
                    "collapsible": true,
                    "defaultOpen": true,
                    "fields": [
                        {
                            "name": "id",
                            "component": "Text"
                        },
                        {
                            "name": "name",
                            "component": "Input"
                        },
                        {
                            "name": "descriptionTwo",
                            "component": "Textarea"
                        }
                    ]
                }
            ]
        },
        {
            "name": "someBrowse",
            "rootComponent": "BrowseSection",
            "source": {
                "service": "sac",
                "namespace": "claim-semaphore",
                "method": "browse",
                "resolve": false
            },
            "fields": [
                {
                    "name": "id",
                    "component": "Text"
                },
                {
                    "name": "name",
                    "component": "BoldText"
                },
                {
                    "name": "color",
                    "component": "Text"
                }
            ]
        }
    ]
}