{
    "service": "sac",
    "name": "claim-motive-edit",
    "root": "Edit",
    "source": {
        "service": "sac",
        "namespace": "claim-motive",
        "method": "get",
        "resolve": false
    },
    "target": {
        "service": "sac",
        "namespace": "claim-motive",
        "method": "save",
        "resolve": false
    },
    "sections": [
        {
            "name": "mainFormSection",
            "rootComponent": "MainForm",
            "actions": [
                {
                    "name": "new",
                    "icon": "star_light",
                    "color": "fizzGreen",
                    "type": "link",
                    "options": {
                        "path": "/service/namespace/new"
                    }
                }
            ],
            "topComponents": [
                {
                    "component": "TestComponent"
                }
            ],
            "fieldsGroup": [
                {
                    "name": "detail",
                    "icon": "catalogue",
                    "position": "left",
                    "fields": [
                        {
                            "name": "name",
                            "component": "Select",
                            "componentAttributes": {
                                "translateLabels": true,
                                "options": {
                                    "scope": "local",
                                    "values": [
                                        {
                                            "label": "common.status.active",
                                            "value": 1
                                        },
                                        {
                                            "label": "common.status.inactive",
                                            "value": 0
                                        }
                                    ]
                                }
                            },
                            "validations": [
                                [
                                    {
                                        "name": "required"
                                    }
                                ],
                                [
                                    {
                                        "name": "maxLength",
                                        "options": {
                                            "length": 50
                                        }
                                    }
                                ]
                            ]
                        },
                        {
                            "name": "description",
                            "component": "Textarea",
                            "validations": [
                                [
                                    {
                                        "name": "maxLength",
                                        "options": {
                                            "length": 50
                                        }
                                    }
                                ]
                            ],
                            "componentAttributes": {}
                        },
                        {
                            "name": "appliesToLogistics",
                            "component": "Switch",
                            "validations": [
                                [
                                    {
                                        "name": "required"
                                    }
                                ]
                            ],
                            "componentAttributes": {}
                        },
                        {
                            "name": "missingStockDefault",
                            "component": "Switch",
                            "validations": [
                                [
                                    {
                                        "name": "required"
                                    }
                                ]
                            ],
                            "componentAttributes": {}
                        },
                        {
                            "name": "test",
                            "component": "Chip",
                            "componentAttributes": {
                                "borderColor": "grey"
                            }
                        },
                        {
                            "name": "user",
                            "component": "UserChip",
                            "componentAttributes": {}
                        }
                    ]
                },
                {
                    "name": "others",
                    "fields": [
                        {
                            "name": "status",
                            "component": "Select",
                            "validations": [
                                [
                                    {
                                        "name": "required"
                                    }
                                ]
                            ],
                            "componentAttributes": {
                                "translateLabels": true,
                                "options": {
                                    "scope": "local",
                                    "values": [
                                        {
                                            "label": "common.status.active",
                                            "value": 1
                                        },
                                        {
                                            "label": "common.status.inactive",
                                            "value": 0
                                        }
                                    ]
                                }
                            }
                        }
                    ]
                }
            ]
        },
        {
            "name": "semaphoreBrowse",
            "rootComponent": "BrowseSection",
            "source": {
                "service": "sac",
                "namespace": "claim-semaphore",
                "method": "browse",
                "resolve": false
            },
            "staticFilters": [
                {
                    "name": "status",
                    "target": "path",
                    "value": {
                        "dynamic": "statusId"
                    }
                },
                {
                    "name": "status",
                    "target": "query",
                    "value": {
                        "static": 1
                    }
                },
                {
                    "name": "status",
                    "target": "query",
                    "value": {
                        "static": {
                            "id": "string"
                        }
                    }
                }
            ],
            "topComponents": [
                {
                    "component": "TestComponent",
                    "attributes": {
                        "name": "test",
                        "sarasa": "test23"
                    }
                },
                {
                    "component": "TestComponent2",
                    "attributes": {
                        "name": "test",
                        "sarasa": "test23"
                    }
                }
            ],
            "fields": [
                {
                    "name": "id",
                    "component": "BoldText",
                    "attributes": {
                        "sortable": true,
                        "isDefaultSort": true,
                        "isStatus": false,
                        "initialSortDirection": "desc"
                    },
                    "mapper": "addHashtag",
                    "componentAttributes": {
                        "fontWeight": "bold"
                    }
                },
                {
                    "name": "color",
                    "component": "Text",
                    "attributes": {
                        "isStatus": false,
                        "sortable": false,
                        "isDefaultSort": false,
                        "initialSortDirection": "desc"
                    },
                    "componentAttributes": {
                        "fontWeight": "normal"
                    }
                },
                {
                    "name": "user",
                    "component": "UserChip",
                    "attributes": {
                        "isStatus": false,
                        "sortable": false,
                        "isDefaultSort": false,
                        "initialSortDirection": "desc"
                    },
                    "componentAttributes": {}
                },
                {
                    "name": "name",
                    "component": "MediumText",
                    "attributes": {
                        "isStatus": false,
                        "sortable": false,
                        "isDefaultSort": false,
                        "initialSortDirection": "desc"
                    },
                    "componentAttributes": {
                        "fontWeight": "medium"
                    }
                },
                {
                    "name": "rangeLow",
                    "component": "Chip",
                    "attributes": {
                        "isStatus": false,
                        "sortable": false,
                        "isDefaultSort": false,
                        "initialSortDirection": "desc"
                    },
                    "componentAttributes": {
                        "icon": "icon_test",
                        "iconColor": "red",
                        "borderColor": "red"
                    }
                },
                {
                    "name": "rangeHigh",
                    "component": "Chip",
                    "attributes": {
                        "isStatus": false,
                        "sortable": false,
                        "isDefaultSort": false,
                        "initialSortDirection": "desc"
                    },
                    "componentAttributes": {
                        "borderColor": "grey"
                    }
                },
                {
                    "name": "alerts",
                    "component": "Chip",
                    "attributes": {
                        "sortable": true,
                        "isStatus": false,
                        "isDefaultSort": false,
                        "initialSortDirection": "desc"
                    },
                    "mapper": "booleanToWord",
                    "filter": {
                        "component": "Select",
                        "componentAttributes": {
                            "translateLabels": true,
                            "options": [
                                {
                                    "label": "common.boolean.yes",
                                    "value": 1
                                },
                                {
                                    "label": "common.boolean.no",
                                    "value": 0
                                }
                            ]
                        },
                        "type": "equal",
                        "remote": false
                    },
                    "componentAttributes": {
                        "borderColor": "grey"
                    }
                },
                {
                    "name": "status",
                    "component": "StatusChip",
                    "attributes": {
                        "isStatus": true,
                        "sortable": true,
                        "isDefaultSort": false,
                        "initialSortDirection": "desc"
                    },
                    "componentAttributes": {
                        "colorSource": "statusColor"
                    },
                    "mapper": "translate",
                    "filter": {
                        "component": "Select",
                        "componentAttributes": {
                            "translateLabels": true,
                            "options": [
                                {
                                    "label": "common.status.active",
                                    "value": 1
                                },
                                {
                                    "label": "common.status.inactive",
                                    "value": 0
                                }
                            ]
                        },
                        "type": "equal",
                        "remote": false
                    }
                }
            ],
            "hasPreview": false,
            "canEdit": true,
            "canView": false,
            "pageSize": 60,
            "actions": []
        }
    ]
}